⚠️ NIFTY50-INDEX 23850 CE (Timeframe 5S) Error: Invalid symbol provided (Code: -300)
⚠️ NIFTY50-INDEX 23850 CE (Timeframe 1) Error: Invalid symbol provided (Code: -300)
⚠️ NIFTY50-INDEX 23850 CE (Timeframe 5) Error: Invalid symbol provided (Code: -300)
⚠️ NIFTY50-INDEX 23850 CE (Timeframe 60) Error: Invalid symbol provided (Code: -300)
⚠️ NIFTY50-INDEX 23850 CE (Timeframe D) Error: Invalid symbol provided (Code: -300)
⚠️ NIFTY50-INDEX 23850 PE (Timeframe 5S) Error: Invalid symbol provided (Code: -300)
⚠️ NIFTY50-INDEX 23850 PE (Timeframe 1) Error: Invalid symbol provided (Code: -300)
⚠️ NIFTY50-INDEX 23850 PE (Timeframe 5) Error: Invalid symbol provided (Code: -300)
⚠️ NIFTY50-INDEX 23850 PE (Timeframe 60) Error: Invalid symbol provided (Code: -300)
⚠️ NIFTY50-INDEX 23850 PE (Timeframe D) Error: Invalid symbol provided (Code: -300)
⚠️ NIFTY50-INDEX 23900 CE (Timeframe 5S) Error: Invalid symbol provided (Code: -300)
⚠️ NIFTY50-INDEX 23900 CE (Timeframe 1) Error: Invalid symbol provided (Code: -300)
⚠️ NIFTY50-INDEX 23900 CE (Timeframe 5) Error: Invalid symbol provided (Code: -300)
⚠️ NIFTY50-INDEX 23900 CE (Timeframe 60) Error: Invalid symbol provided (Code: -300)
⚠️ NIFTY50-INDEX 23900 CE (Timeframe D) Error: Invalid symbol provided (Code: -300)
⚠️ NIFTY50-INDEX 23900 PE (Timeframe 5S) Error: Invalid symbol provided (Code: -300)
⚠️ NIFTY50-INDEX 23900 PE (Timeframe 1) Error: Invalid symbol provided (Code: -300)
⚠️ NIFTY50-INDEX 23900 PE (Timeframe 5) Error: Invalid symbol provided (Code: -300)
⚠️ NIFTY50-INDEX 23900 PE (Timeframe 60) Error: Invalid symbol provided (Code: -300)
⚠️ NIFTY50-INDEX 23900 PE (Timeframe D) Error: Invalid symbol provided (Code: -300)
⚠️ NIFTY50-INDEX 23950 CE (Timeframe 5S) Error: Invalid symbol provided (Code: -300)
⚠️ NIFTY50-INDEX 23950 CE (Timeframe 1) Error: Invalid symbol provided (Code: -300)
⚠️ NIFTY50-INDEX 23950 CE (Timeframe 5) Error: Invalid symbol provided (Code: -300)
⚠️ NIFTY50-INDEX 23950 CE (Timeframe 60) Error: Invalid symbol provided (Code: -300)
⚠️ NIFTY50-INDEX 23950 CE (Timeframe D) Error: Invalid symbol provided (Code: -300)
⚠️ NIFTY50-INDEX 23950 PE (Timeframe 5S) Error: Invalid symbol provided (Code: -300)
⚠️ NIFTY50-INDEX 23950 PE (Timeframe 1) Error: Invalid symbol provided (Code: -300)
⚠️ NIFTY50-INDEX 23950 PE (Timeframe 5) Error: Invalid symbol provided (Code: -300)
⚠️ NIFTY50-INDEX 23950 PE (Timeframe 60) Error: Invalid symbol provided (Code: -300)
⚠️ NIFTY50-INDEX 23950 PE (Timeframe D) Error: Invalid symbol provided (Code: -300)
