⚠️ CE (Timeframe 5S) Error: Invalid symbol provided (Code: -300)
⚠️ CE (Timeframe 1) Error: Invalid symbol provided (Code: -300)
⚠️ CE (Timeframe 5) Error: Invalid symbol provided (Code: -300)
⚠️ CE (Timeframe 60) Error: Invalid symbol provided (Code: -300)
⚠️ CE (Timeframe D) Error: Invalid symbol provided (Code: -300)
⚠️ PE (Timeframe 5S) Error: Invalid symbol provided (Code: -300)
⚠️ PE (Timeframe 1) Error: Invalid symbol provided (Code: -300)
⚠️ PE (Timeframe 5) Error: Invalid symbol provided (Code: -300)
⚠️ PE (Timeframe 60) Error: Invalid symbol provided (Code: -300)
⚠️ PE (Timeframe D) Error: Invalid symbol provided (Code: -300)
⚠️ CE (Timeframe 5S) Error: Invalid symbol provided (Code: -300)
⚠️ CE (Timeframe 1) Error: Invalid symbol provided (Code: -300)
⚠️ CE (Timeframe 5) Error: Invalid symbol provided (Code: -300)
⚠️ CE (Timeframe 60) Error: Invalid symbol provided (Code: -300)
⚠️ CE (Timeframe D) Error: Invalid symbol provided (Code: -300)
⚠️ PE (Timeframe 5S) Error: Invalid symbol provided (Code: -300)
⚠️ PE (Timeframe 1) Error: Invalid symbol provided (Code: -300)
⚠️ PE (Timeframe 5) Error: Invalid symbol provided (Code: -300)
⚠️ PE (Timeframe 60) Error: Invalid symbol provided (Code: -300)
⚠️ PE (Timeframe D) Error: Invalid symbol provided (Code: -300)
⚠️ CE (Timeframe 5S) Error: Invalid symbol provided (Code: -300)
⚠️ CE (Timeframe 1) Error: Invalid symbol provided (Code: -300)
⚠️ CE (Timeframe 5) Error: Invalid symbol provided (Code: -300)
⚠️ CE (Timeframe 60) Error: Invalid symbol provided (Code: -300)
⚠️ CE (Timeframe D) Error: Invalid symbol provided (Code: -300)
⚠️ PE (Timeframe 5S) Error: Invalid symbol provided (Code: -300)
⚠️ PE (Timeframe 1) Error: Invalid symbol provided (Code: -300)
⚠️ PE (Timeframe 5) Error: Invalid symbol provided (Code: -300)
⚠️ PE (Timeframe 60) Error: Invalid symbol provided (Code: -300)
⚠️ PE (Timeframe D) Error: Invalid symbol provided (Code: -300)
